// Jest Snapshot v1, https://goo.gl/fbAQLP

exports[`NavigationButton renders correctly 1`] = `
<div
  className="container"
>
  <Link
    replace={false}
    to="/url"
  >
    Content
  </Link>
</div>
`;
