// Jest Snapshot v1, https://goo.gl/fbAQLP

exports[`Selectable renders correctly 1`] = `
<div
  className="container"
  onClick={null}
>
  <icon-here
    height={64}
    width={64}
  />
  <h2
    className="name"
  >
    Testkom
  </h2>
</div>
`;
